PASS 内置300道、首屏24卡正确启动；没有鲜干/材料选项控件
PASS 初始加载没有任何外部网络请求
PASS 逐页遍历300道、逐一打开做法：无重复或遗漏，无undefined/NaN，有步骤、熟度、吃法且无倒计时
PASS 搜索重置页码；烟熏25道可翻到末页；空结果不残留旧卡片或分页
PASS 完整去重图片库109张均可离线解码，300个映射；4道无对应实拍明确留空
PASS 首页实际计算文字颜色满足AA对比度；可见文本最小14px，不把禁用控件当正常正文
PASS 炭火指南具备竹炭/苹果木/双区火安全说明，烟熏入口真正筛到25道
PASS 首访桌面与手机视觉留档；390px首张菜卡在550px内出现，主文档无横向溢出
PASS 中文搜索按菜谱与材料匹配，输入焦点保留
PASS 分类与动手体验筛选可组合且可清除
PASS 固定鲜枝牛肉、半份计算、温度步骤同卡同步
PASS 鲜欧芹与干牛至同菜共存，两份半菜合并220g牛肉
PASS 相关原料需求变化后旧备好勾选自动失效
PASS 操作步骤进度随配方量变化失效，笔记仍保留
PASS 逐菜倒计时UI与逻辑移除，熟度标准保留
PASS 套菜单或切换主页面从顶部开始，不被旧滚动位置覆盖
PASS 新互动预设正确替换并生成5道菜单与节奏统计
PASS 手动换出餐顺序与恢复推荐顺序正常
PASS 最近三次做过记录真实影响新鲜感筛选
PASS 预制任务、原料形态与独立分装组都可见可勾
PASS 只看未备食材筛选不会删除底层数量
PASS Markdown Blob含完整定稿步骤与换算，模板已解析
PASS CSV Blob保留材料形态、按菜分配，不只给购物总量
PASS 完整JSON备份同时含菜单、记录与定稿菜谱库
PASS 打印区域由当前清单生成，未使用旧版模板
PASS 导出→清空→导入可恢复5道选菜、份量与状态
PASS 旧版备份迁移明示退役/重写，不暗替用户换菜
PASS 含鲜干choices的坏库被拒，当前定稿库未覆盖
PASS 扩展库可加载，导入文本HTML转义不会执行注入
PASS 恢复内置库可用，保留仍存在的菜单ID
PASS 重新初始化恢复菜单和笔记（模式在报告中明示）
PASS 320/360/390/430/768/1024/1440px七种宽度，六视图均无横向溢出
PASS 手机操作卡可滚动、逐步打勾，按钮和数量不挤成文本矩阵
PASS 页面/弹窗DOM ID唯一
PASS 注入存储拒绝后仍能选菜与计算，明确提醒备份
PASS 损坏存储原文被救援留存，不静默覆写唯一副本
PASS 设备冷冻前提明确提示，确认后不改食谱
PASS 空库存没有默认盐油；零条件绝不宣称可做
PASS 分类精确限定食材候选；搜索勾选立即生效且焦点不跳走
PASS 多分类并集与库存持久化；真实HTTP模式用浏览器reload验证
PASS 完整范围所有匹配结果可查看，每卡明确缺食材与缺工具
PASS 所有条件显式具备时300道可做且分页展示，组合只从可做池生成
PASS 搜索状态本组全选只影响可见候选，不偷选被隐藏食材
PASS 组合一键加入后生成真实菜单与合计备料，统一1份不沿用隐蔽旧份量
PASS 完整JSON备份包含库存与分类，跨页面导入恢复匹配结果
PASS 首屏配图离线解码；署名许可可达；弹窗键盘不逸出，Esc恢复调用焦点
PASS 手机底部快捷入口直达可做结果，不反复翻页
PASS 全部交互未发生JS异常
PASS 交互过程中无外部网络依赖
COMPLETE 49 browser checks
